2017-Feb-05 15:13:59:753 - ERRORclass org.beasts.logging.LoggerTest - ERROR Message must appear on File2017-Feb-05 15:15:38:424 - ERRORclass org.beasts.logging.LoggerTest - ERROR Message must appear on File2017-Feb-05 15:16:29:732 - ERRORclass org.beasts.logging.LoggerTest - ERROR Message must appear on File2017-Feb-05 15:16:54:431 - ERRORclass org.beasts.logging.LoggerTest - ERROR Message must appear on File2017-Feb-05 15:18:02:847 - ERRORclass org.beasts.logging.LoggerTest - ERROR1 Message must appear on File2017-Feb-05 15:18:02:832 - ERRORclass org.beasts.logging.LoggerTest - ERROR Message must appear on File2017-Feb-05 15:18:25:716 - ERRORclass org.beasts.logging.LoggerTest - ERROR1 Message must appear on File2017-Feb-05 15:18:25:716 - ERRORclass org.beasts.logging.LoggerTest - ERROR Message must appear on File2017-Feb-05 15:21:56:911 - ERRORclass org.beasts.logging.LoggerTest - ERROR1 Message must appear on File2017-Feb-05 15:21:56:895 - ERRORclass org.beasts.logging.LoggerTest - ERROR Message must appear on File2017-Feb-06 22:24:06:227 - ERRORclass org.beasts.logging.LoggerTest - ERROR Message must appear on File2017-Feb-06 22:24:06:321 - ERRORclass org.beasts.logging.LoggerTest - ERROR1 Message must appear on File2017-Feb-06 22:48:47:907 - ERRORclass org.beasts.logging.LoggerTest - ERROR1 Message must appear on File2017-Feb-06 22:48:47:876 - ERRORclass org.beasts.logging.LoggerTest - ERROR Message must appear on File2017-Feb-06 22:51:22:943 - ERRORclass org.beasts.logging.LoggerTest - ERROR Message must appear on File2017-Feb-06 22:51:22:975 - ERRORclass org.beasts.logging.LoggerTest - ERROR1 Message must appear on File2017-Feb-06 22:55:36:855 - ERRORclass org.beasts.logging.LoggerTest - ERROR1 Message must appear on File2017-Feb-06 22:55:36:808 - ERRORclass org.beasts.logging.LoggerTest - ERROR Message must appear on File